Archive member included to satisfy reference by file (symbol)

c:/ac6/systemworkbench/plugins/fr.ac6.mcu.externaltools.arm-none.win32_1.15.0.201708311556/tools/compiler/bin/../lib/gcc/arm-none-eabi/6.3.1/../../../../arm-none-eabi/lib/thumb/v7e-m/fpv4-sp/hard\libc_nano.a(lib_a-exit.o)
                              c:/ac6/systemworkbench/plugins/fr.ac6.mcu.externaltools.arm-none.win32_1.15.0.201708311556/tools/compiler/bin/../lib/gcc/arm-none-eabi/6.3.1/../../../../arm-none-eabi/lib/thumb/v7e-m/fpv4-sp/hard/rdimon-crt0.o (exit)
c:/ac6/systemworkbench/plugins/fr.ac6.mcu.externaltools.arm-none.win32_1.15.0.201708311556/tools/compiler/bin/../lib/gcc/arm-none-eabi/6.3.1/../../../../arm-none-eabi/lib/thumb/v7e-m/fpv4-sp/hard\libc_nano.a(lib_a-impure.o)
                              c:/ac6/systemworkbench/plugins/fr.ac6.mcu.externaltools.arm-none.win32_1.15.0.201708311556/tools/compiler/bin/../lib/gcc/arm-none-eabi/6.3.1/../../../../arm-none-eabi/lib/thumb/v7e-m/fpv4-sp/hard\libc_nano.a(lib_a-exit.o) (_global_impure_ptr)
c:/ac6/systemworkbench/plugins/fr.ac6.mcu.externaltools.arm-none.win32_1.15.0.201708311556/tools/compiler/bin/../lib/gcc/arm-none-eabi/6.3.1/../../../../arm-none-eabi/lib/thumb/v7e-m/fpv4-sp/hard\libc_nano.a(lib_a-init.o)
                              c:/ac6/systemworkbench/plugins/fr.ac6.mcu.externaltools.arm-none.win32_1.15.0.201708311556/tools/compiler/bin/../lib/gcc/arm-none-eabi/6.3.1/../../../../arm-none-eabi/lib/thumb/v7e-m/fpv4-sp/hard/rdimon-crt0.o (__libc_init_array)
c:/ac6/systemworkbench/plugins/fr.ac6.mcu.externaltools.arm-none.win32_1.15.0.201708311556/tools/compiler/bin/../lib/gcc/arm-none-eabi/6.3.1/../../../../arm-none-eabi/lib/thumb/v7e-m/fpv4-sp/hard\libc_nano.a(lib_a-memset.o)
                              c:/ac6/systemworkbench/plugins/fr.ac6.mcu.externaltools.arm-none.win32_1.15.0.201708311556/tools/compiler/bin/../lib/gcc/arm-none-eabi/6.3.1/../../../../arm-none-eabi/lib/thumb/v7e-m/fpv4-sp/hard/rdimon-crt0.o (memset)
c:/ac6/systemworkbench/plugins/fr.ac6.mcu.externaltools.arm-none.win32_1.15.0.201708311556/tools/compiler/bin/../lib/gcc/arm-none-eabi/6.3.1/../../../../arm-none-eabi/lib/thumb/v7e-m/fpv4-sp/hard\librdimon_nano.a(rdimon-syscalls.o)
                              c:/ac6/systemworkbench/plugins/fr.ac6.mcu.externaltools.arm-none.win32_1.15.0.201708311556/tools/compiler/bin/../lib/gcc/arm-none-eabi/6.3.1/../../../../arm-none-eabi/lib/thumb/v7e-m/fpv4-sp/hard/rdimon-crt0.o (initialise_monitor_handles)
c:/ac6/systemworkbench/plugins/fr.ac6.mcu.externaltools.arm-none.win32_1.15.0.201708311556/tools/compiler/bin/../lib/gcc/arm-none-eabi/6.3.1/../../../../arm-none-eabi/lib/thumb/v7e-m/fpv4-sp/hard\librdimon_nano.a(rdimon-_exit.o)
                              c:/ac6/systemworkbench/plugins/fr.ac6.mcu.externaltools.arm-none.win32_1.15.0.201708311556/tools/compiler/bin/../lib/gcc/arm-none-eabi/6.3.1/../../../../arm-none-eabi/lib/thumb/v7e-m/fpv4-sp/hard\libc_nano.a(lib_a-exit.o) (_exit)
c:/ac6/systemworkbench/plugins/fr.ac6.mcu.externaltools.arm-none.win32_1.15.0.201708311556/tools/compiler/bin/../lib/gcc/arm-none-eabi/6.3.1/../../../../arm-none-eabi/lib/thumb/v7e-m/fpv4-sp/hard\librdimon_nano.a(rdimon-_kill.o)
                              c:/ac6/systemworkbench/plugins/fr.ac6.mcu.externaltools.arm-none.win32_1.15.0.201708311556/tools/compiler/bin/../lib/gcc/arm-none-eabi/6.3.1/../../../../arm-none-eabi/lib/thumb/v7e-m/fpv4-sp/hard\librdimon_nano.a(rdimon-_exit.o) (_kill)
c:/ac6/systemworkbench/plugins/fr.ac6.mcu.externaltools.arm-none.win32_1.15.0.201708311556/tools/compiler/bin/../lib/gcc/arm-none-eabi/6.3.1/../../../../arm-none-eabi/lib/thumb/v7e-m/fpv4-sp/hard\libc_nano.a(lib_a-errno.o)
                              c:/ac6/systemworkbench/plugins/fr.ac6.mcu.externaltools.arm-none.win32_1.15.0.201708311556/tools/compiler/bin/../lib/gcc/arm-none-eabi/6.3.1/../../../../arm-none-eabi/lib/thumb/v7e-m/fpv4-sp/hard\librdimon_nano.a(rdimon-syscalls.o) (__errno)
c:/ac6/systemworkbench/plugins/fr.ac6.mcu.externaltools.arm-none.win32_1.15.0.201708311556/tools/compiler/bin/../lib/gcc/arm-none-eabi/6.3.1/../../../../arm-none-eabi/lib/thumb/v7e-m/fpv4-sp/hard\libc_nano.a(lib_a-findfp.o)
                              c:/ac6/systemworkbench/plugins/fr.ac6.mcu.externaltools.arm-none.win32_1.15.0.201708311556/tools/compiler/bin/../lib/gcc/arm-none-eabi/6.3.1/../../../../arm-none-eabi/lib/thumb/v7e-m/fpv4-sp/hard\librdimon_nano.a(rdimon-syscalls.o) (__sinit)
c:/ac6/systemworkbench/plugins/fr.ac6.mcu.externaltools.arm-none.win32_1.15.0.201708311556/tools/compiler/bin/../lib/gcc/arm-none-eabi/6.3.1/../../../../arm-none-eabi/lib/thumb/v7e-m/fpv4-sp/hard\libc_nano.a(lib_a-fwalk.o)
                              c:/ac6/systemworkbench/plugins/fr.ac6.mcu.externaltools.arm-none.win32_1.15.0.201708311556/tools/compiler/bin/../lib/gcc/arm-none-eabi/6.3.1/../../../../arm-none-eabi/lib/thumb/v7e-m/fpv4-sp/hard\libc_nano.a(lib_a-findfp.o) (_fwalk)
[...]
Memory Configuration

Name             Origin             Length             Attributes
RAM              0x20000000         0x00030000         xrw
CCMRAM           0x10000000         0x00010000         rw
FLASH            0x08000000         0x00200000         xr
*default*        0x00000000         0xffffffff

Linker script and memory map

LOAD c:/ac6/systemworkbench/plugins/fr.ac6.mcu.externaltools.arm-none.win32_1.15.0.201708311556/tools/compiler/bin/../lib/gcc/arm-none-eabi/6.3.1/thumb/v7e-m/fpv4-sp/hard/crti.o
LOAD c:/ac6/systemworkbench/plugins/fr.ac6.mcu.externaltools.arm-none.win32_1.15.0.201708311556/tools/compiler/bin/../lib/gcc/arm-none-eabi/6.3.1/thumb/v7e-m/fpv4-sp/hard/crtbegin.o
LOAD c:/ac6/systemworkbench/plugins/fr.ac6.mcu.externaltools.arm-none.win32_1.15.0.201708311556/tools/compiler/bin/../lib/gcc/arm-none-eabi/6.3.1/../../../../arm-none-eabi/lib/thumb/v7e-m/fpv4-sp/hard/rdimon-crt0.o
LOAD c:/ac6/systemworkbench/plugins/fr.ac6.mcu.externaltools.arm-none.win32_1.15.0.201708311556/tools/compiler/bin/../lib/gcc/arm-none-eabi/6.3.1/../../../../arm-none-eabi/lib/thumb/v7e-m/fpv4-sp/hard\libc_nano.a
LOAD c:/ac6/systemworkbench/plugins/fr.ac6.mcu.externaltools.arm-none.win32_1.15.0.201708311556/tools/compiler/bin/../lib/gcc/arm-none-eabi/6.3.1/../../../../arm-none-eabi/lib/thumb/v7e-m/fpv4-sp/hard\librdimon_nano.a
LOAD Drivers/STM32F4xx_HAL_Driver/Src/stm32f4xx_hal.o
LOAD Drivers/STM32F4xx_HAL_Driver/Src/stm32f4xx_hal_cortex.o
LOAD Drivers/STM32F4xx_HAL_Driver/Src/stm32f4xx_hal_dma.o
LOAD Drivers/STM32F4xx_HAL_Driver/Src/stm32f4xx_hal_dma_ex.o
LOAD Drivers/STM32F4xx_HAL_Driver/Src/stm32f4xx_hal_flash.o
LOAD Drivers/STM32F4xx_HAL_Driver/Src/stm32f4xx_hal_flash_ex.o
LOAD Drivers/STM32F4xx_HAL_Driver/Src/stm32f4xx_hal_flash_ramfunc.o
LOAD Drivers/STM32F4xx_HAL_Driver/Src/stm32f4xx_hal_gpio.o
LOAD Drivers/STM32F4xx_HAL_Driver/Src/stm32f4xx_hal_pwr.o
LOAD Drivers/STM32F4xx_HAL_Driver/Src/stm32f4xx_hal_pwr_ex.o
LOAD Drivers/STM32F4xx_HAL_Driver/Src/stm32f4xx_hal_rcc.o
LOAD Drivers/STM32F4xx_HAL_Driver/Src/stm32f4xx_hal_rcc_ex.o
LOAD Drivers/STM32F4xx_HAL_Driver/Src/stm32f4xx_hal_tim.o
LOAD Drivers/STM32F4xx_HAL_Driver/Src/stm32f4xx_hal_tim_ex.o
LOAD Src/Dma.o
LOAD Src/Flash.o
LOAD Src/Gpio.o
LOAD Src/Rcc.o
LOAD Src/Rng.o
LOAD Src/Timer.o
LOAD Src/Usart.o
LOAD Src/i2c.o
LOAD Src/main.o
LOAD Src/stm32f4xx_hal_msp.o
LOAD Src/stm32f4xx_it.o
LOAD Src/system_stm32f4xx.o
LOAD startup/startup_stm32f429xx.o
LOAD c:/ac6/systemworkbench/plugins/fr.ac6.mcu.externaltools.arm-none.win32_1.15.0.201708311556/tools/compiler/bin/../lib/gcc/arm-none-eabi/6.3.1/../../../../arm-none-eabi/lib/thumb/v7e-m/fpv4-sp/hard\libm.a
START GROUP
LOAD c:/ac6/systemworkbench/plugins/fr.ac6.mcu.externaltools.arm-none.win32_1.15.0.201708311556/tools/compiler/bin/../lib/gcc/arm-none-eabi/6.3.1/thumb/v7e-m/fpv4-sp/hard\libgcc.a
LOAD c:/ac6/systemworkbench/plugins/fr.ac6.mcu.externaltools.arm-none.win32_1.15.0.201708311556/tools/compiler/bin/../lib/gcc/arm-none-eabi/6.3.1/../../../../arm-none-eabi/lib/thumb/v7e-m/fpv4-sp/hard\libc_nano.a
END GROUP
START GROUP
LOAD c:/ac6/systemworkbench/plugins/fr.ac6.mcu.externaltools.arm-none.win32_1.15.0.201708311556/tools/compiler/bin/../lib/gcc/arm-none-eabi/6.3.1/thumb/v7e-m/fpv4-sp/hard\libgcc.a
LOAD c:/ac6/systemworkbench/plugins/fr.ac6.mcu.externaltools.arm-none.win32_1.15.0.201708311556/tools/compiler/bin/../lib/gcc/arm-none-eabi/6.3.1/../../../../arm-none-eabi/lib/thumb/v7e-m/fpv4-sp/hard\libc_nano.a
LOAD c:/ac6/systemworkbench/plugins/fr.ac6.mcu.externaltools.arm-none.win32_1.15.0.201708311556/tools/compiler/bin/../lib/gcc/arm-none-eabi/6.3.1/../../../../arm-none-eabi/lib/thumb/v7e-m/fpv4-sp/hard\libnosys.a
END GROUP
START GROUP
LOAD c:/ac6/systemworkbench/plugins/fr.ac6.mcu.externaltools.arm-none.win32_1.15.0.201708311556/tools/compiler/bin/../lib/gcc/arm-none-eabi/6.3.1/thumb/v7e-m/fpv4-sp/hard\libgcc.a
LOAD c:/ac6/systemworkbench/plugins/fr.ac6.mcu.externaltools.arm-none.win32_1.15.0.201708311556/tools/compiler/bin/../lib/gcc/arm-none-eabi/6.3.1/../../../../arm-none-eabi/lib/thumb/v7e-m/fpv4-sp/hard\libc_nano.a
LOAD c:/ac6/systemworkbench/plugins/fr.ac6.mcu.externaltools.arm-none.win32_1.15.0.201708311556/tools/compiler/bin/../lib/gcc/arm-none-eabi/6.3.1/../../../../arm-none-eabi/lib/thumb/v7e-m/fpv4-sp/hard\librdimon_nano.a
LOAD c:/ac6/systemworkbench/plugins/fr.ac6.mcu.externaltools.arm-none.win32_1.15.0.201708311556/tools/compiler/bin/../lib/gcc/arm-none-eabi/6.3.1/../../../../arm-none-eabi/lib/thumb/v7e-m/fpv4-sp/hard\libnosys.a
END GROUP
START GROUP
LOAD c:/ac6/systemworkbench/plugins/fr.ac6.mcu.externaltools.arm-none.win32_1.15.0.201708311556/tools/compiler/bin/../lib/gcc/arm-none-eabi/6.3.1/thumb/v7e-m/fpv4-sp/hard\libgcc.a
LOAD c:/ac6/systemworkbench/plugins/fr.ac6.mcu.externaltools.arm-none.win32_1.15.0.201708311556/tools/compiler/bin/../lib/gcc/arm-none-eabi/6.3.1/../../../../arm-none-eabi/lib/thumb/v7e-m/fpv4-sp/hard\libc_nano.a
LOAD c:/ac6/systemworkbench/plugins/fr.ac6.mcu.externaltools.arm-none.win32_1.15.0.201708311556/tools/compiler/bin/../lib/gcc/arm-none-eabi/6.3.1/../../../../arm-none-eabi/lib/thumb/v7e-m/fpv4-sp/hard\librdimon_nano.a
END GROUP
LOAD c:/ac6/systemworkbench/plugins/fr.ac6.mcu.externaltools.arm-none.win32_1.15.0.201708311556/tools/compiler/bin/../lib/gcc/arm-none-eabi/6.3.1/thumb/v7e-m/fpv4-sp/hard/crtend.o
LOAD c:/ac6/systemworkbench/plugins/fr.ac6.mcu.externaltools.arm-none.win32_1.15.0.201708311556/tools/compiler/bin/../lib/gcc/arm-none-eabi/6.3.1/thumb/v7e-m/fpv4-sp/hard/crtn.o
                0x20030000                _estack = 0x20030000
                0x00000200                _Min_Heap_Size = 0x200
                0x00000400                _Min_Stack_Size = 0x400

.isr_vector     0x08000000      0x1ac
                0x08000000                . = ALIGN (0x4)
 *(.isr_vector)
 .isr_vector    0x08000000      0x1ac startup/startup_stm32f429xx.o
                0x08000000                g_pfnVectors
                0x080001ac                . = ALIGN (0x4)

.text           0x080001b0     0x1908
                0x080001b0                . = ALIGN (0x4)
 *(.text)
 .text          0x080001b0       0x6c c:/ac6/systemworkbench/plugins/fr.ac6.mcu.externaltools.arm-none.win32_1.15.0.201708311556/tools/compiler/bin/../lib/gcc/arm-none-eabi/6.3.1/thumb/v7e-m/fpv4-sp/hard/crtbegin.o
 *fill*         0x0800021c        0x4 
 .text          0x08000220       0xa0 c:/ac6/systemworkbench/plugins/fr.ac6.mcu.externaltools.arm-none.win32_1.15.0.201708311556/tools/compiler/bin/../lib/gcc/arm-none-eabi/6.3.1/../../../../arm-none-eabi/lib/thumb/v7e-m/fpv4-sp/hard\libc_nano.a(lib_a-memchr.o)
                0x08000220                memchr
 *(.text*)
 .text.__libc_init_array
                0x080002c0       0x48 c:/ac6/systemworkbench/plugins/fr.ac6.mcu.externaltools.arm-none.win32_1.15.0.201708311556/tools/compiler/bin/../lib/gcc/arm-none-eabi/6.3.1/../../../../arm-none-eabi/lib/thumb/v7e-m/fpv4-sp/hard\libc_nano.a(lib_a-init.o)
                0x080002c0                __libc_init_array
 .text.initialise_monitor_handles
                0x08000308       0xa4 c:/ac6/systemworkbench/plugins/fr.ac6.mcu.externaltools.arm-none.win32_1.15.0.201708311556/tools/compiler/bin/../lib/gcc/arm-none-eabi/6.3.1/../../../../arm-none-eabi/lib/thumb/v7e-m/fpv4-sp/hard\librdimon_nano.a(rdimon-syscalls.o)
                0x08000308                initialise_monitor_handles
 .text._sbrk    0x080003ac       0x48 c:/ac6/systemworkbench/plugins/fr.ac6.mcu.externaltools.arm-none.win32_1.15.0.201708311556/tools/compiler/bin/../lib/gcc/arm-none-eabi/6.3.1/../../../../arm-none-eabi/lib/thumb/v7e-m/fpv4-sp/hard\librdimon_nano.a(rdimon-syscalls.o)
                0x080003ac                _sbrk
 .text.HAL_InitTick
                0x080003f4       0x2c Drivers/STM32F4xx_HAL_Driver/Src/stm32f4xx_hal.o
                0x080003f4                HAL_InitTick
 .text.HAL_Init
                0x08000420       0x34 Drivers/STM32F4xx_HAL_Driver/Src/stm32f4xx_hal.o
                0x08000420                HAL_Init
 .text.HAL_GetTick
                0x08000454        0xc Drivers/STM32F4xx_HAL_Driver/Src/stm32f4xx_hal.o
                0x08000454                HAL_GetTick
 .text.HAL_NVIC_SetPriorityGrouping
                0x08000460       0x24 Drivers/STM32F4xx_HAL_Driver/Src/stm32f4xx_hal_cortex.o
                0x08000460                HAL_NVIC_SetPriorityGrouping
 .text.HAL_NVIC_SetPriority
                0x08000484       0x64 Drivers/STM32F4xx_HAL_Driver/Src/stm32f4xx_hal_cortex.o
                0x08000484                HAL_NVIC_SetPriority
 .text.HAL_SYSTICK_Config
                0x080004e8       0x2c Drivers/STM32F4xx_HAL_Driver/Src/stm32f4xx_hal_cortex.o
                0x080004e8                HAL_SYSTICK_Config
 .text.HAL_SYSTICK_CLKSourceConfig
                0x08000514       0x20 Drivers/STM32F4xx_HAL_Driver/Src/stm32f4xx_hal_cortex.o
                0x08000514                HAL_SYSTICK_CLKSourceConfig
 .text.HAL_PWREx_EnableOverDrive
                0x08000534       0xa0 Drivers/STM32F4xx_HAL_Driver/Src/stm32f4xx_hal_pwr_ex.o
                0x08000534                HAL_PWREx_EnableOverDrive
 .text.HAL_RCC_OscConfig
                0x080005d4      0x3b0 Drivers/STM32F4xx_HAL_Driver/Src/stm32f4xx_hal_rcc.o
                0x080005d4                HAL_RCC_OscConfig
 .text.HAL_RCC_GetSysClockFreq
                0x08000984       0x94 Drivers/STM32F4xx_HAL_Driver/Src/stm32f4xx_hal_rcc.o
                0x08000984                HAL_RCC_GetSysClockFreq
 .text.HAL_RCC_ClockConfig
                0x08000a18      0x19c Drivers/STM32F4xx_HAL_Driver/Src/stm32f4xx_hal_rcc.o
                0x08000a18                HAL_RCC_ClockConfig
 .text.HAL_RCC_GetHCLKFreq
                0x08000bb4        0xc Drivers/STM32F4xx_HAL_Driver/Src/stm32f4xx_hal_rcc.o
                0x08000bb4                HAL_RCC_GetHCLKFreq
 .text.sendBitPattern
                0x08000bc0       0x70 Src/Dma.o
                0x08000bc0                sendBitPattern
 .text.gpioConfig
                0x08000c30       0x52 Src/Gpio.o
                0x08000c30                gpioConfig
 .text.gpioWrite
                0x08000c82       0x20 Src/Gpio.o
                0x08000c82                gpioWrite
 .text.gpioConfigAltFunction
                0x08000ca2       0x22 Src/Gpio.o
                0x08000ca2                gpioConfigAltFunction
 .text.enableGpioA
                0x08000cc4       0x1c Src/Rcc.o
                0x08000cc4                enableGpioA
 .text.enableGpioG
                0x08000ce0       0x1c Src/Rcc.o
                0x08000ce0                enableGpioG
 .text.enableGpioC
                0x08000cfc       0x1c Src/Rcc.o
                0x08000cfc                enableGpioC
 .text.enableTimer8
                0x08000d18       0x18 Src/Rcc.o
                0x08000d18                enableTimer8
 .text.enableUART1
                0x08000d30       0x18 Src/Rcc.o
                0x08000d30                enableUART1
 .text.enableDMA
                0x08000d48       0x20 Src/Rcc.o
                0x08000d48                enableDMA
 .text.initTimer8
                0x08000d68       0x30 Src/Timer.o
                0x08000d68                initTimer8
 .text.initOutputCompare
                0x08000d98       0x18 Src/Timer.o
                0x08000d98                initOutputCompare
 .text.initUsartTransmitter
                0x08000db0       0x10 Src/Usart.o
                0x08000db0                initUsartTransmitter
 .text.initUsartReceiver
                0x08000dc0       0x10 Src/Usart.o
                0x08000dc0                initUsartReceiver
 .text.initUsart
                0x08000dd0       0x54 Src/Usart.o
                0x08000dd0                initUsart
 .text.USARTSendCharDataOut
                0x08000e24       0x18 Src/Usart.o
                0x08000e24                USARTSendCharDataOut
 .text.serialPrint
                0x08000e3c       0x4e Src/Usart.o
                0x08000e3c                serialPrint
 *fill*         0x08000e8a        0x2 
 .text.MX_GPIO_Init
                0x08000e8c       0x38 Src/main.o
 .text.my_SysTick_Handler
                0x08000ec4       0x30 Src/main.o
                0x08000ec4                my_SysTick_Handler
 .text.HASH_RNG_IRQHandler
                0x08000ef4       0x18 Src/main.o
                0x08000ef4                HASH_RNG_IRQHandler
 .text.EXTI0_IRQHandler
                0x08000f0c       0x1c Src/main.o
                0x08000f0c                EXTI0_IRQHandler
 .text._Error_Handler
                0x08000f28        0x2 Src/main.o
                0x08000f28                _Error_Handler
 *fill*         0x08000f2a        0x2 
 .text.SystemClock_Config
                0x08000f2c       0xd8 Src/main.o
                0x08000f2c                SystemClock_Config
 .text.main     0x08001004       0xfc Src/main.o
                0x08001004                main
 .text.HAL_MspInit
                0x08001100       0x5e Src/stm32f4xx_hal_msp.o
                0x08001100                HAL_MspInit
 .text.NMI_Handler
                0x0800115e        0x2 Src/stm32f4xx_it.o
                0x0800115e                NMI_Handler
 .text.HardFault_Handler
                0x08001160        0x2 Src/stm32f4xx_it.o
                0x08001160                HardFault_Handler
 .text.MemManage_Handler
                0x08001162        0x2 Src/stm32f4xx_it.o
                0x08001162                MemManage_Handler
 .text.BusFault_Handler
                0x08001164        0x2 Src/stm32f4xx_it.o
                0x08001164                BusFault_Handler
 .text.UsageFault_Handler
                0x08001166        0x2 Src/stm32f4xx_it.o
                0x08001166                UsageFault_Handler
 .text.SVC_Handler
                0x08001168        0x2 Src/stm32f4xx_it.o
                0x08001168                SVC_Handler
 .text.DebugMon_Handler
                0x0800116a        0x2 Src/stm32f4xx_it.o
                0x0800116a                DebugMon_Handler
 .text.PendSV_Handler
                0x0800116c        0x2 Src/stm32f4xx_it.o
                0x0800116c                PendSV_Handler
 *fill*         0x0800116e        0x2 
 .text.SystemInit
                0x08001170       0x4c Src/system_stm32f4xx.o
                0x08001170                SystemInit
 .text.Reset_Handler
                0x080011bc       0x50 startup/startup_stm32f429xx.o
                0x080011bc                Reset_Handler
 .text.Default_Handler
                0x0800120c        0x2 startup/startup_stm32f429xx.o
                0x0800120c                RTC_Alarm_IRQHandler
                0x0800120c                EXTI2_IRQHandler
                0x0800120c                TIM8_CC_IRQHandler
                0x0800120c                UART8_IRQHandler
                0x0800120c                SPI4_IRQHandler
                0x0800120c                TIM1_CC_IRQHandler
                0x0800120c                DMA2_Stream5_IRQHandler
                0x0800120c                DMA1_Stream5_IRQHandler
                0x0800120c                PVD_IRQHandler
                0x0800120c                SDIO_IRQHandler
                0x0800120c                TAMP_STAMP_IRQHandler
                0x0800120c                CAN2_RX1_IRQHandler
                0x0800120c                EXTI3_IRQHandler
                0x0800120c                TIM8_TRG_COM_TIM14_IRQHandler
                0x0800120c                TIM1_UP_TIM10_IRQHandler
                0x0800120c                TIM8_UP_TIM13_IRQHandler
                0x0800120c                I2C3_ER_IRQHandler
                0x0800120c                I2C2_EV_IRQHandler
                0x0800120c                DMA1_Stream2_IRQHandler
                0x0800120c                CAN1_RX0_IRQHandler
                0x0800120c                FPU_IRQHandler
                0x0800120c                OTG_HS_WKUP_IRQHandler
                0x0800120c                LTDC_ER_IRQHandler
                0x0800120c                CAN2_SCE_IRQHandler
                0x0800120c                DMA2_Stream2_IRQHandler
                0x0800120c                SPI1_IRQHandler
                0x0800120c                TIM6_DAC_IRQHandler
                0x0800120c                TIM1_BRK_TIM9_IRQHandler
                0x0800120c                DCMI_IRQHandler
                0x0800120c                CAN2_RX0_IRQHandler
                0x0800120c                DMA2_Stream3_IRQHandler
                0x0800120c                USART6_IRQHandler
                0x0800120c                USART3_IRQHandler
                0x0800120c                CAN1_RX1_IRQHandler
                0x0800120c                UART5_IRQHandler
                0x0800120c                DMA2_Stream0_IRQHandler
                0x0800120c                TIM4_IRQHandler
                0x0800120c                I2C1_EV_IRQHandler
                0x0800120c                DMA1_Stream6_IRQHandler
                0x0800120c                DMA1_Stream1_IRQHandler
                0x0800120c                UART4_IRQHandler
                0x0800120c                TIM3_IRQHandler
                0x0800120c                RCC_IRQHandler
                0x0800120c                TIM8_BRK_TIM12_IRQHandler
                0x0800120c                Default_Handler
                0x0800120c                EXTI15_10_IRQHandler
                0x0800120c                ADC_IRQHandler
                0x0800120c                DMA1_Stream7_IRQHandler
                0x0800120c                SPI5_IRQHandler
                0x0800120c                TIM7_IRQHandler
                0x0800120c                CAN2_TX_IRQHandler
                0x0800120c                TIM5_IRQHandler
                0x0800120c                DMA2_Stream7_IRQHandler
                0x0800120c                I2C3_EV_IRQHandler
                0x0800120c                EXTI9_5_IRQHandler
                0x0800120c                RTC_WKUP_IRQHandler
                0x0800120c                LTDC_IRQHandler
                0x0800120c                ETH_WKUP_IRQHandler
                0x0800120c                SPI2_IRQHandler
                0x0800120c                OTG_HS_EP1_IN_IRQHandler
                0x0800120c                DMA1_Stream0_IRQHandler
                0x0800120c                CAN1_TX_IRQHandler
                0x0800120c                EXTI4_IRQHandler
                0x0800120c                ETH_IRQHandler
                0x0800120c                OTG_HS_EP1_OUT_IRQHandler
                0x0800120c                WWDG_IRQHandler
                0x0800120c                SPI6_IRQHandler
                0x0800120c                TIM2_IRQHandler
                0x0800120c                OTG_FS_WKUP_IRQHandler
                0x0800120c                TIM1_TRG_COM_TIM11_IRQHandler
                0x0800120c                OTG_HS_IRQHandler
                0x0800120c                DMA2D_IRQHandler
                0x0800120c                EXTI1_IRQHandler
                0x0800120c                UART7_IRQHandler
                0x0800120c                USART2_IRQHandler
                0x0800120c                I2C2_ER_IRQHandler
                0x0800120c                DMA2_Stream1_IRQHandler
                0x0800120c                CAN1_SCE_IRQHandler
                0x0800120c                FLASH_IRQHandler
                0x0800120c                DMA2_Stream4_IRQHandler
                0x0800120c                USART1_IRQHandler
                0x0800120c                OTG_FS_IRQHandler
                0x0800120c                SPI3_IRQHandler
                0x0800120c                DMA1_Stream4_IRQHandler
                0x0800120c                I2C1_ER_IRQHandler
                0x0800120c                FMC_IRQHandler
                0x0800120c                DMA2_Stream6_IRQHandler
                0x0800120c                SAI1_IRQHandler
                0x0800120c                DMA1_Stream3_IRQHandler
 *fill*         0x0800120e        0x2 
 .text.__errno  0x08001210        0xc c:/ac6/systemworkbench/plugins/fr.ac6.mcu.externaltools.arm-none.win32_1.15.0.201708311556/tools/compiler/bin/../lib/gcc/arm-none-eabi/6.3.1/../../../../arm-none-eabi/lib/thumb/v7e-m/fpv4-sp/hard\libc_nano.a(lib_a-errno.o)
                0x08001210                __errno
 .text.malloc   0x0800121c       0x10 c:/ac6/systemworkbench/plugins/fr.ac6.mcu.externaltools.arm-none.win32_1.15.0.201708311556/tools/compiler/bin/../lib/gcc/arm-none-eabi/6.3.1/../../../../arm-none-eabi/lib/thumb/v7e-m/fpv4-sp/hard\libc_nano.a(lib_a-malloc.o)
                0x0800121c                malloc
 .text.free     0x0800122c       0x10 c:/ac6/systemworkbench/plugins/fr.ac6.mcu.externaltools.arm-none.win32_1.15.0.201708311556/tools/compiler/bin/../lib/gcc/arm-none-eabi/6.3.1/../../../../arm-none-eabi/lib/thumb/v7e-m/fpv4-sp/hard\libc_nano.a(lib_a-malloc.o)
                0x0800122c                free
 .text._free_r  0x0800123c       0x9c c:/ac6/systemworkbench/plugins/fr.ac6.mcu.externaltools.arm-none.win32_1.15.0.201708311556/tools/compiler/bin/../lib/gcc/arm-none-eabi/6.3.1/../../../../arm-none-eabi/lib/thumb/v7e-m/fpv4-sp/hard\libc_nano.a(lib_a-nano-freer.o)
                0x0800123c                _free_r
 .text._malloc_r
                0x080012d8       0xbc c:/ac6/systemworkbench/plugins/fr.ac6.mcu.externaltools.arm-none.win32_1.15.0.201708311556/tools/compiler/bin/../lib/gcc/arm-none-eabi/6.3.1/../../../../arm-none-eabi/lib/thumb/v7e-m/fpv4-sp/hard\libc_nano.a(lib_a-nano-mallocr.o)
                0x080012d8                _malloc_r
 .text._sbrk_r  0x08001394       0x20 c:/ac6/systemworkbench/plugins/fr.ac6.mcu.externaltools.arm-none.win32_1.15.0.201708311556/tools/compiler/bin/../lib/gcc/arm-none-eabi/6.3.1/../../../../arm-none-eabi/lib/thumb/v7e-m/fpv4-sp/hard\libc_nano.a(lib_a-sbrkr.o)
                0x08001394                _sbrk_r
 .text._vsnprintf_r
                0x080013b4       0x58 c:/ac6/systemworkbench/plugins/fr.ac6.mcu.externaltools.arm-none.win32_1.15.0.201708311556/tools/compiler/bin/../lib/gcc/arm-none-eabi/6.3.1/../../../../arm-none-eabi/lib/thumb/v7e-m/fpv4-sp/hard\libc_nano.a(lib_a-vsnprintf.o)
                0x080013b4                _vsniprintf_r
                0x080013b4                _vsnprintf_r
 .text.vsnprintf
                0x0800140c       0x1c c:/ac6/systemworkbench/plugins/fr.ac6.mcu.externaltools.arm-none.win32_1.15.0.201708311556/tools/compiler/bin/../lib/gcc/arm-none-eabi/6.3.1/../../../../arm-none-eabi/lib/thumb/v7e-m/fpv4-sp/hard\libc_nano.a(lib_a-vsnprintf.o)
                0x0800140c                vsniprintf
                0x0800140c                vsnprintf
 .text.__malloc_lock
                0x08001428        0x2 c:/ac6/systemworkbench/plugins/fr.ac6.mcu.externaltools.arm-none.win32_1.15.0.201708311556/tools/compiler/bin/../lib/gcc/arm-none-eabi/6.3.1/../../../../arm-none-eabi/lib/thumb/v7e-m/fpv4-sp/hard\libc_nano.a(lib_a-mlock.o)
                0x08001428                __malloc_lock
 .text.__malloc_unlock
                0x0800142a        0x2 c:/ac6/systemworkbench/plugins/fr.ac6.mcu.externaltools.arm-none.win32_1.15.0.201708311556/tools/compiler/bin/../lib/gcc/arm-none-eabi/6.3.1/../../../../arm-none-eabi/lib/thumb/v7e-m/fpv4-sp/hard\libc_nano.a(lib_a-mlock.o)
                0x0800142a                __malloc_unlock
 .text.__ssputs_r
                0x0800142c       0xb6 c:/ac6/systemworkbench/plugins/fr.ac6.mcu.externaltools.arm-none.win32_1.15.0.201708311556/tools/compiler/bin/../lib/gcc/arm-none-eabi/6.3.1/../../../../arm-none-eabi/lib/thumb/v7e-m/fpv4-sp/hard\libc_nano.a(lib_a-nano-svfprintf.o)
                0x0800142c                __ssputs_r
 *fill*         0x080014e2        0x2 
 .text._svfprintf_r
                0x080014e4      0x1e8 c:/ac6/systemworkbench/plugins/fr.ac6.mcu.externaltools.arm-none.win32_1.15.0.201708311556/tools/compiler/bin/../lib/gcc/arm-none-eabi/6.3.1/../../../../arm-none-eabi/lib/thumb/v7e-m/fpv4-sp/hard\libc_nano.a(lib_a-nano-svfprintf.o)
                0x080014e4                _svfiprintf_r
                0x080014e4                _svfprintf_r
 .text._printf_common
                0x080016cc       0xec c:/ac6/systemworkbench/plugins/fr.ac6.mcu.externaltools.arm-none.win32_1.15.0.201708311556/tools/compiler/bin/../lib/gcc/arm-none-eabi/6.3.1/../../../../arm-none-eabi/lib/thumb/v7e-m/fpv4-sp/hard\libc_nano.a(lib_a-nano-vfprintf_i.o)
                0x080016cc                _printf_common
 .text._printf_i
                0x080017b8      0x240 c:/ac6/systemworkbench/plugins/fr.ac6.mcu.externaltools.arm-none.win32_1.15.0.201708311556/tools/compiler/bin/../lib/gcc/arm-none-eabi/6.3.1/../../../../arm-none-eabi/lib/thumb/v7e-m/fpv4-sp/hard\libc_nano.a(lib_a-nano-vfprintf_i.o)
                0x080017b8                _printf_i
 .text.memcpy   0x080019f8       0x16 c:/ac6/systemworkbench/plugins/fr.ac6.mcu.externaltools.arm-none.win32_1.15.0.201708311556/tools/compiler/bin/../lib/gcc/arm-none-eabi/6.3.1/../../../../arm-none-eabi/lib/thumb/v7e-m/fpv4-sp/hard\libc_nano.a(lib_a-memcpy-stub.o)
                0x080019f8                memcpy
 .text.memmove  0x08001a0e       0x34 c:/ac6/systemworkbench/plugins/fr.ac6.mcu.externaltools.arm-none.win32_1.15.0.201708311556/tools/compiler/bin/../lib/gcc/arm-none-eabi/6.3.1/../../../../arm-none-eabi/lib/thumb/v7e-m/fpv4-sp/hard\libc_nano.a(lib_a-memmove.o)
                0x08001a0e                memmove
 .text._realloc_r
                0x08001a42       0x4c c:/ac6/systemworkbench/plugins/fr.ac6.mcu.externaltools.arm-none.win32_1.15.0.201708311556/tools/compiler/bin/../lib/gcc/arm-none-eabi/6.3.1/../../../../arm-none-eabi/lib/thumb/v7e-m/fpv4-sp/hard\libc_nano.a(lib_a-nano-reallocr.o)
                0x08001a42                _realloc_r
 .text._malloc_usable_size_r
                0x08001a8e       0x12 c:/ac6/systemworkbench/plugins/fr.ac6.mcu.externaltools.arm-none.win32_1.15.0.201708311556/tools/compiler/bin/../lib/gcc/arm-none-eabi/6.3.1/../../../../arm-none-eabi/lib/thumb/v7e-m/fpv4-sp/hard\libc_nano.a(lib_a-nano-msizer.o)
                0x08001a8e                _malloc_usable_size_r
 *(.glue_7)
 .glue_7        0x08001aa0        0x0 linker stubs
 *(.glue_7t)
 .glue_7t       0x08001aa0        0x0 linker stubs
 *(.eh_frame)
 .eh_frame      0x08001aa0        0x0 c:/ac6/systemworkbench/plugins/fr.ac6.mcu.externaltools.arm-none.win32_1.15.0.201708311556/tools/compiler/bin/../lib/gcc/arm-none-eabi/6.3.1/thumb/v7e-m/fpv4-sp/hard/crtbegin.o
 *(.init)
 .init          0x08001aa0        0x4 c:/ac6/systemworkbench/plugins/fr.ac6.mcu.externaltools.arm-none.win32_1.15.0.201708311556/tools/compiler/bin/../lib/gcc/arm-none-eabi/6.3.1/thumb/v7e-m/fpv4-sp/hard/crti.o
                0x08001aa0                _init
 .init          0x08001aa4        0x8 c:/ac6/systemworkbench/plugins/fr.ac6.mcu.externaltools.arm-none.win32_1.15.0.201708311556/tools/compiler/bin/../lib/gcc/arm-none-eabi/6.3.1/thumb/v7e-m/fpv4-sp/hard/crtn.o
 *(.fini)
 .fini          0x08001aac        0x4 c:/ac6/systemworkbench/plugins/fr.ac6.mcu.externaltools.arm-none.win32_1.15.0.201708311556/tools/compiler/bin/../lib/gcc/arm-none-eabi/6.3.1/thumb/v7e-m/fpv4-sp/hard/crti.o
                0x08001aac                _fini
 .fini          0x08001ab0        0x8 c:/ac6/systemworkbench/plugins/fr.ac6.mcu.externaltools.arm-none.win32_1.15.0.201708311556/tools/compiler/bin/../lib/gcc/arm-none-eabi/6.3.1/thumb/v7e-m/fpv4-sp/hard/crtn.o
                0x08001ab8                . = ALIGN (0x4)
                0x08001ab8                _etext = .

.vfp11_veneer   0x08001ab8        0x0
 .vfp11_veneer  0x08001ab8        0x0 linker stubs

.v4_bx          0x08001ab8        0x0
 .v4_bx         0x08001ab8        0x0 linker stubs

.iplt           0x08001ab8        0x0
 .iplt          0x08001ab8        0x0 c:/ac6/systemworkbench/plugins/fr.ac6.mcu.externaltools.arm-none.win32_1.15.0.201708311556/tools/compiler/bin/../lib/gcc/arm-none-eabi/6.3.1/thumb/v7e-m/fpv4-sp/hard/crtbegin.o

.rodata         0x08001ab8       0xdc
                0x08001ab8                . = ALIGN (0x4)
 *(.rodata)
 .rodata        0x08001ab8       0x18 Src/system_stm32f4xx.o
                0x08001ab8                AHBPrescTable
                0x08001ac8                APBPrescTable
 *(.rodata*)
 .rodata.initialise_monitor_handles.str1.1
                0x08001ad0        0x4 c:/ac6/systemworkbench/plugins/fr.ac6.mcu.externaltools.arm-none.win32_1.15.0.201708311556/tools/compiler/bin/../lib/gcc/arm-none-eabi/6.3.1/../../../../arm-none-eabi/lib/thumb/v7e-m/fpv4-sp/hard\librdimon_nano.a(rdimon-syscalls.o)
 .rodata.str1.4
                0x08001ad4       0x2c Src/main.o
                                 0x29 (size before relaxing)
 .rodata.__sf_fake_stderr
                0x08001b00       0x20 c:/ac6/systemworkbench/plugins/fr.ac6.mcu.externaltools.arm-none.win32_1.15.0.201708311556/tools/compiler/bin/../lib/gcc/arm-none-eabi/6.3.1/../../../../arm-none-eabi/lib/thumb/v7e-m/fpv4-sp/hard\libc_nano.a(lib_a-findfp.o)
                0x08001b00                __sf_fake_stderr
 .rodata.__sf_fake_stdin
                0x08001b20       0x20 c:/ac6/systemworkbench/plugins/fr.ac6.mcu.externaltools.arm-none.win32_1.15.0.201708311556/tools/compiler/bin/../lib/gcc/arm-none-eabi/6.3.1/../../../../arm-none-eabi/lib/thumb/v7e-m/fpv4-sp/hard\libc_nano.a(lib_a-findfp.o)
                0x08001b20                __sf_fake_stdin
 .rodata.__sf_fake_stdout
                0x08001b40       0x20 c:/ac6/systemworkbench/plugins/fr.ac6.mcu.externaltools.arm-none.win32_1.15.0.201708311556/tools/compiler/bin/../lib/gcc/arm-none-eabi/6.3.1/../../../../arm-none-eabi/lib/thumb/v7e-m/fpv4-sp/hard\libc_nano.a(lib_a-findfp.o)
                0x08001b40                __sf_fake_stdout
 .rodata._svfprintf_r.str1.1
                0x08001b60       0x11 c:/ac6/systemworkbench/plugins/fr.ac6.mcu.externaltools.arm-none.win32_1.15.0.201708311556/tools/compiler/bin/../lib/gcc/arm-none-eabi/6.3.1/../../../../arm-none-eabi/lib/thumb/v7e-m/fpv4-sp/hard\libc_nano.a(lib_a-nano-svfprintf.o)
 .rodata._printf_i.str1.1
                0x08001b71       0x22 c:/ac6/systemworkbench/plugins/fr.ac6.mcu.externaltools.arm-none.win32_1.15.0.201708311556/tools/compiler/bin/../lib/gcc/arm-none-eabi/6.3.1/../../../../arm-none-eabi/lib/thumb/v7e-m/fpv4-sp/hard\libc_nano.a(lib_a-nano-vfprintf_i.o)
                0x08001b94                . = ALIGN (0x4)
 *fill*         0x08001b93        0x1 

.rel.dyn        0x08001b94        0x0
 .rel.iplt      0x08001b94        0x0 c:/ac6/systemworkbench/plugins/fr.ac6.mcu.externaltools.arm-none.win32_1.15.0.201708311556/tools/compiler/bin/../lib/gcc/arm-none-eabi/6.3.1/thumb/v7e-m/fpv4-sp/hard/crtbegin.o

.ARM.extab
 *(.ARM.extab* .gnu.linkonce.armextab.*)

.ARM            0x08001b94        0x0
                0x08001b94                __exidx_start = .
 *(.ARM.exidx*)
                0x08001b94                __exidx_end = .

.preinit_array  0x08001b94        0x0
                0x08001b94                PROVIDE (__preinit_array_start, .)
 *(.preinit_array*)
                0x08001b94                PROVIDE (__preinit_array_end, .)

.init_array     0x08001b94        0x4
                0x08001b94                PROVIDE (__init_array_start, .)
 *(SORT(.init_array.*))
 *(.init_array*)
 .init_array    0x08001b94        0x4 c:/ac6/systemworkbench/plugins/fr.ac6.mcu.externaltools.arm-none.win32_1.15.0.201708311556/tools/compiler/bin/../lib/gcc/arm-none-eabi/6.3.1/thumb/v7e-m/fpv4-sp/hard/crtbegin.o
                0x08001b98                PROVIDE (__init_array_end, .)

.fini_array     0x08001b98        0x4
                [!provide]                PROVIDE (__fini_array_start, .)
 *(SORT(.fini_array.*))
 *(.fini_array*)
 .fini_array    0x08001b98        0x4 c:/ac6/systemworkbench/plugins/fr.ac6.mcu.externaltools.arm-none.win32_1.15.0.201708311556/tools/compiler/bin/../lib/gcc/arm-none-eabi/6.3.1/thumb/v7e-m/fpv4-sp/hard/crtbegin.o
                [!provide]                PROVIDE (__fini_array_end, .)
                0x08001b9c                _sidata = LOADADDR (.data)

.data           0x20000000       0x80 load address 0x08001b9c
                0x20000000                . = ALIGN (0x4)
                0x20000000                _sdata = .
 *(.data)
 .data          0x20000000        0x8 Src/Rcc.o
                0x20000000                rccAhb1Rst
                0x20000004                rccAhb1En
 .data          0x20000008        0xa Src/main.o
                0x20000008                timeWaveform
 *fill*         0x20000012        0x2 
 .data          0x20000014        0x4 Src/system_stm32f4xx.o
                0x20000014                SystemCoreClock
 *(.data*)
 .data._impure_ptr
                0x20000018        0x4 c:/ac6/systemworkbench/plugins/fr.ac6.mcu.externaltools.arm-none.win32_1.15.0.201708311556/tools/compiler/bin/../lib/gcc/arm-none-eabi/6.3.1/../../../../arm-none-eabi/lib/thumb/v7e-m/fpv4-sp/hard\libc_nano.a(lib_a-impure.o)
                0x20000018                _impure_ptr
 .data.impure_data
                0x2000001c       0x60 c:/ac6/systemworkbench/plugins/fr.ac6.mcu.externaltools.arm-none.win32_1.15.0.201708311556/tools/compiler/bin/../lib/gcc/arm-none-eabi/6.3.1/../../../../arm-none-eabi/lib/thumb/v7e-m/fpv4-sp/hard\libc_nano.a(lib_a-impure.o)
 .data.__heap_limit
                0x2000007c        0x4 c:/ac6/systemworkbench/plugins/fr.ac6.mcu.externaltools.arm-none.win32_1.15.0.201708311556/tools/compiler/bin/../lib/gcc/arm-none-eabi/6.3.1/../../../../arm-none-eabi/lib/thumb/v7e-m/fpv4-sp/hard\librdimon_nano.a(rdimon-syscalls.o)
                0x2000007c                __heap_limit
                0x20000080                . = ALIGN (0x4)
                0x20000080                _edata = .
                0x08001c1c                _siccmram = LOADADDR (.ccmram)

.jcr            0x20000080        0x0 load address 0x08001c1c
 .jcr           0x20000080        0x0 c:/ac6/systemworkbench/plugins/fr.ac6.mcu.externaltools.arm-none.win32_1.15.0.201708311556/tools/compiler/bin/../lib/gcc/arm-none-eabi/6.3.1/thumb/v7e-m/fpv4-sp/hard/crtbegin.o

.igot.plt       0x20000080        0x0 load address 0x08001c1c
 .igot.plt      0x20000080        0x0 c:/ac6/systemworkbench/plugins/fr.ac6.mcu.externaltools.arm-none.win32_1.15.0.201708311556/tools/compiler/bin/../lib/gcc/arm-none-eabi/6.3.1/thumb/v7e-m/fpv4-sp/hard/crtbegin.o

.ccmram         0x10000000        0x0 load address 0x08001c1c
                0x10000000                . = ALIGN (0x4)
                0x10000000                _sccmram = .
 *(.ccmram)
 *(.ccmram*)
                0x10000000                . = ALIGN (0x4)
                0x10000000                _eccmram = .
                0x10000000                . = ALIGN (0x4)

.bss            0x20000080       0xe4
                0x20000080                _sbss = .
                0x20000080                __bss_start__ = _sbss
 *(.bss)
 .bss           0x20000080       0x1c c:/ac6/systemworkbench/plugins/fr.ac6.mcu.externaltools.arm-none.win32_1.15.0.201708311556/tools/compiler/bin/../lib/gcc/arm-none-eabi/6.3.1/thumb/v7e-m/fpv4-sp/hard/crtbegin.o
 .bss           0x2000009c        0x8 Src/main.o
 *(.bss*)
 .bss.heap_end.7284
                0x200000a4        0x4 c:/ac6/systemworkbench/plugins/fr.ac6.mcu.externaltools.arm-none.win32_1.15.0.201708311556/tools/compiler/bin/../lib/gcc/arm-none-eabi/6.3.1/../../../../arm-none-eabi/lib/thumb/v7e-m/fpv4-sp/hard\librdimon_nano.a(rdimon-syscalls.o)
 .bss.monitor_stderr
                0x200000a8        0x4 c:/ac6/systemworkbench/plugins/fr.ac6.mcu.externaltools.arm-none.win32_1.15.0.201708311556/tools/compiler/bin/../lib/gcc/arm-none-eabi/6.3.1/../../../../arm-none-eabi/lib/thumb/v7e-m/fpv4-sp/hard\librdimon_nano.a(rdimon-syscalls.o)
 .bss.monitor_stdin
                0x200000ac        0x4 c:/ac6/systemworkbench/plugins/fr.ac6.mcu.externaltools.arm-none.win32_1.15.0.201708311556/tools/compiler/bin/../lib/gcc/arm-none-eabi/6.3.1/../../../../arm-none-eabi/lib/thumb/v7e-m/fpv4-sp/hard\librdimon_nano.a(rdimon-syscalls.o)
 .bss.monitor_stdout
                0x200000b0        0x4 c:/ac6/systemworkbench/plugins/fr.ac6.mcu.externaltools.arm-none.win32_1.15.0.201708311556/tools/compiler/bin/../lib/gcc/arm-none-eabi/6.3.1/../../../../arm-none-eabi/lib/thumb/v7e-m/fpv4-sp/hard\librdimon_nano.a(rdimon-syscalls.o)
 .bss.openfiles
                0x200000b4       0xa0 c:/ac6/systemworkbench/plugins/fr.ac6.mcu.externaltools.arm-none.win32_1.15.0.201708311556/tools/compiler/bin/../lib/gcc/arm-none-eabi/6.3.1/../../../../arm-none-eabi/lib/thumb/v7e-m/fpv4-sp/hard\librdimon_nano.a(rdimon-syscalls.o)
 .bss.__malloc_free_list
                0x20000154        0x4 c:/ac6/systemworkbench/plugins/fr.ac6.mcu.externaltools.arm-none.win32_1.15.0.201708311556/tools/compiler/bin/../lib/gcc/arm-none-eabi/6.3.1/../../../../arm-none-eabi/lib/thumb/v7e-m/fpv4-sp/hard\libc_nano.a(lib_a-nano-mallocr.o)
                0x20000154                __malloc_free_list
 .bss.__malloc_sbrk_start
                0x20000158        0x4 c:/ac6/systemworkbench/plugins/fr.ac6.mcu.externaltools.arm-none.win32_1.15.0.201708311556/tools/compiler/bin/../lib/gcc/arm-none-eabi/6.3.1/../../../../arm-none-eabi/lib/thumb/v7e-m/fpv4-sp/hard\libc_nano.a(lib_a-nano-mallocr.o)
                0x20000158                __malloc_sbrk_start
 *(COMMON)
 COMMON         0x2000015c        0x4 Drivers/STM32F4xx_HAL_Driver/Src/stm32f4xx_hal.o
                0x2000015c                uwTick
 COMMON         0x20000160        0x4 c:/ac6/systemworkbench/plugins/fr.ac6.mcu.externaltools.arm-none.win32_1.15.0.201708311556/tools/compiler/bin/../lib/gcc/arm-none-eabi/6.3.1/../../../../arm-none-eabi/lib/thumb/v7e-m/fpv4-sp/hard\libc_nano.a(lib_a-reent.o)
                0x20000160                errno
                0x20000164                . = ALIGN (0x4)
                0x20000164                _ebss = .
                0x20000164                __bss_end__ = _ebss

._user_heap_stack
                0x20000164      0x604
                0x20000168                . = ALIGN (0x8)
 *fill*         0x20000164        0x4 
                0x20000168                PROVIDE (end, .)
                [!provide]                PROVIDE (_end, .)
                0x20000368                . = (. + _Min_Heap_Size)
 *fill*         0x20000168      0x200 
                0x20000768                . = (. + _Min_Stack_Size)
 *fill*         0x20000368      0x400 
                0x20000768                . = ALIGN (0x8)

/DISCARD/
 libc.a(*)
 libm.a(*)
 libgcc.a(*)

.ARM.attributes
                0x00000000       0x30
 *(.ARM.attributes)
 .ARM.attributes
                0x00000000       0x22 c:/ac6/systemworkbench/plugins/fr.ac6.mcu.externaltools.arm-none.win32_1.15.0.201708311556/tools/compiler/bin/../lib/gcc/arm-none-eabi/6.3.1/thumb/v7e-m/fpv4-sp/hard/crti.o
 .ARM.attributes
                0x00000022       0x34 c:/ac6/systemworkbench/plugins/fr.ac6.mcu.externaltools.arm-none.win32_1.15.0.201708311556/tools/compiler/bin/../lib/gcc/arm-none-eabi/6.3.1/thumb/v7e-m/fpv4-sp/hard/crtbegin.o
 .ARM.attributes
                0x00000056       0x34 c:/ac6/systemworkbench/plugins/fr.ac6.mcu.externaltools.arm-none.win32_1.15.0.201708311556/tools/compiler/bin/../lib/gcc/arm-none-eabi/6.3.1/../../../../arm-none-eabi/lib/thumb/v7e-m/fpv4-sp/hard\libc_nano.a(lib_a-impure.o)
 .ARM.attributes
                0x0000008a       0x34 c:/ac6/systemworkbench/plugins/fr.ac6.mcu.externaltools.arm-none.win32_1.15.0.201708311556/tools/compiler/bin/../lib/gcc/arm-none-eabi/6.3.1/../../../../arm-none-eabi/lib/thumb/v7e-m/fpv4-sp/hard\libc_nano.a(lib_a-init.o)
 .ARM.attributes
                0x000000be       0x34 c:/ac6/systemworkbench/plugins/fr.ac6.mcu.externaltools.arm-none.win32_1.15.0.201708311556/tools/compiler/bin/../lib/gcc/arm-none-eabi/6.3.1/../../../../arm-none-eabi/lib/thumb/v7e-m/fpv4-sp/hard\librdimon_nano.a(rdimon-syscalls.o)
 .ARM.attributes
                0x000000f2       0x39 Drivers/STM32F4xx_HAL_Driver/Src/stm32f4xx_hal.o
 .ARM.attributes
                0x0000012b       0x39 Drivers/STM32F4xx_HAL_Driver/Src/stm32f4xx_hal_cortex.o
 .ARM.attributes
                0x00000164       0x39 Drivers/STM32F4xx_HAL_Driver/Src/stm32f4xx_hal_pwr_ex.o
 .ARM.attributes
                0x0000019d       0x39 Drivers/STM32F4xx_HAL_Driver/Src/stm32f4xx_hal_rcc.o
 .ARM.attributes
                0x000001d6       0x39 Src/Dma.o
 .ARM.attributes
                0x0000020f       0x39 Src/Gpio.o
 .ARM.attributes
                0x00000248       0x39 Src/Rcc.o
 .ARM.attributes
                0x00000281       0x39 Src/Timer.o
 .ARM.attributes
                0x000002ba       0x39 Src/Usart.o
 .ARM.attributes
                0x000002f3       0x39 Src/main.o
 .ARM.attributes
                0x0000032c       0x39 Src/stm32f4xx_hal_msp.o
 .ARM.attributes
                0x00000365       0x39 Src/stm32f4xx_it.o
 .ARM.attributes
                0x0000039e       0x39 Src/system_stm32f4xx.o
 .ARM.attributes
                0x000003d7       0x21 startup/startup_stm32f429xx.o
 .ARM.attributes
                0x000003f8       0x34 c:/ac6/systemworkbench/plugins/fr.ac6.mcu.externaltools.arm-none.win32_1.15.0.201708311556/tools/compiler/bin/../lib/gcc/arm-none-eabi/6.3.1/../../../../arm-none-eabi/lib/thumb/v7e-m/fpv4-sp/hard\libc_nano.a(lib_a-errno.o)
 .ARM.attributes
                0x0000042c       0x34 c:/ac6/systemworkbench/plugins/fr.ac6.mcu.externaltools.arm-none.win32_1.15.0.201708311556/tools/compiler/bin/../lib/gcc/arm-none-eabi/6.3.1/../../../../arm-none-eabi/lib/thumb/v7e-m/fpv4-sp/hard\libc_nano.a(lib_a-findfp.o)
 .ARM.attributes
                0x00000460       0x34 c:/ac6/systemworkbench/plugins/fr.ac6.mcu.externaltools.arm-none.win32_1.15.0.201708311556/tools/compiler/bin/../lib/gcc/arm-none-eabi/6.3.1/../../../../arm-none-eabi/lib/thumb/v7e-m/fpv4-sp/hard\libc_nano.a(lib_a-malloc.o)
 .ARM.attributes
                0x00000494       0x34 c:/ac6/systemworkbench/plugins/fr.ac6.mcu.externaltools.arm-none.win32_1.15.0.201708311556/tools/compiler/bin/../lib/gcc/arm-none-eabi/6.3.1/../../../../arm-none-eabi/lib/thumb/v7e-m/fpv4-sp/hard\libc_nano.a(lib_a-nano-freer.o)
 .ARM.attributes
                0x000004c8       0x34 c:/ac6/systemworkbench/plugins/fr.ac6.mcu.externaltools.arm-none.win32_1.15.0.201708311556/tools/compiler/bin/../lib/gcc/arm-none-eabi/6.3.1/../../../../arm-none-eabi/lib/thumb/v7e-m/fpv4-sp/hard\libc_nano.a(lib_a-nano-mallocr.o)
 .ARM.attributes
                0x000004fc       0x34 c:/ac6/systemworkbench/plugins/fr.ac6.mcu.externaltools.arm-none.win32_1.15.0.201708311556/tools/compiler/bin/../lib/gcc/arm-none-eabi/6.3.1/../../../../arm-none-eabi/lib/thumb/v7e-m/fpv4-sp/hard\libc_nano.a(lib_a-sbrkr.o)
 .ARM.attributes
                0x00000530       0x34 c:/ac6/systemworkbench/plugins/fr.ac6.mcu.externaltools.arm-none.win32_1.15.0.201708311556/tools/compiler/bin/../lib/gcc/arm-none-eabi/6.3.1/../../../../arm-none-eabi/lib/thumb/v7e-m/fpv4-sp/hard\libc_nano.a(lib_a-vsnprintf.o)
 .ARM.attributes
                0x00000564       0x34 c:/ac6/systemworkbench/plugins/fr.ac6.mcu.externaltools.arm-none.win32_1.15.0.201708311556/tools/compiler/bin/../lib/gcc/arm-none-eabi/6.3.1/../../../../arm-none-eabi/lib/thumb/v7e-m/fpv4-sp/hard\libc_nano.a(lib_a-mlock.o)
 .ARM.attributes
                0x00000598       0x34 c:/ac6/systemworkbench/plugins/fr.ac6.mcu.externaltools.arm-none.win32_1.15.0.201708311556/tools/compiler/bin/../lib/gcc/arm-none-eabi/6.3.1/../../../../arm-none-eabi/lib/thumb/v7e-m/fpv4-sp/hard\libc_nano.a(lib_a-nano-svfprintf.o)
 .ARM.attributes
                0x000005cc       0x34 c:/ac6/systemworkbench/plugins/fr.ac6.mcu.externaltools.arm-none.win32_1.15.0.201708311556/tools/compiler/bin/../lib/gcc/arm-none-eabi/6.3.1/../../../../arm-none-eabi/lib/thumb/v7e-m/fpv4-sp/hard\libc_nano.a(lib_a-nano-vfprintf_i.o)
 .ARM.attributes
                0x00000600       0x34 c:/ac6/systemworkbench/plugins/fr.ac6.mcu.externaltools.arm-none.win32_1.15.0.201708311556/tools/compiler/bin/../lib/gcc/arm-none-eabi/6.3.1/../../../../arm-none-eabi/lib/thumb/v7e-m/fpv4-sp/hard\libc_nano.a(lib_a-reent.o)
 .ARM.attributes
                0x00000634       0x20 c:/ac6/systemworkbench/plugins/fr.ac6.mcu.externaltools.arm-none.win32_1.15.0.201708311556/tools/compiler/bin/../lib/gcc/arm-none-eabi/6.3.1/../../../../arm-none-eabi/lib/thumb/v7e-m/fpv4-sp/hard\libc_nano.a(lib_a-memchr.o)
 .ARM.attributes
                0x00000654       0x34 c:/ac6/systemworkbench/plugins/fr.ac6.mcu.externaltools.arm-none.win32_1.15.0.201708311556/tools/compiler/bin/../lib/gcc/arm-none-eabi/6.3.1/../../../../arm-none-eabi/lib/thumb/v7e-m/fpv4-sp/hard\libc_nano.a(lib_a-memcpy-stub.o)
 .ARM.attributes
                0x00000688       0x34 c:/ac6/systemworkbench/plugins/fr.ac6.mcu.externaltools.arm-none.win32_1.15.0.201708311556/tools/compiler/bin/../lib/gcc/arm-none-eabi/6.3.1/../../../../arm-none-eabi/lib/thumb/v7e-m/fpv4-sp/hard\libc_nano.a(lib_a-memmove.o)
 .ARM.attributes
                0x000006bc       0x34 c:/ac6/systemworkbench/plugins/fr.ac6.mcu.externaltools.arm-none.win32_1.15.0.201708311556/tools/compiler/bin/../lib/gcc/arm-none-eabi/6.3.1/../../../../arm-none-eabi/lib/thumb/v7e-m/fpv4-sp/hard\libc_nano.a(lib_a-nano-reallocr.o)
 .ARM.attributes
                0x000006f0       0x34 c:/ac6/systemworkbench/plugins/fr.ac6.mcu.externaltools.arm-none.win32_1.15.0.201708311556/tools/compiler/bin/../lib/gcc/arm-none-eabi/6.3.1/../../../../arm-none-eabi/lib/thumb/v7e-m/fpv4-sp/hard\libc_nano.a(lib_a-nano-msizer.o)
 .ARM.attributes
                0x00000724       0x22 c:/ac6/systemworkbench/plugins/fr.ac6.mcu.externaltools.arm-none.win32_1.15.0.201708311556/tools/compiler/bin/../lib/gcc/arm-none-eabi/6.3.1/thumb/v7e-m/fpv4-sp/hard/crtn.o
OUTPUT(RNG_2.elf elf32-littlearm)

.debug_frame    0x00000000     0x11dc
 .debug_frame   0x00000000       0x2c c:/ac6/systemworkbench/plugins/fr.ac6.mcu.externaltools.arm-none.win32_1.15.0.201708311556/tools/compiler/bin/../lib/gcc/arm-none-eabi/6.3.1/../../../../arm-none-eabi/lib/thumb/v7e-m/fpv4-sp/hard\libc_nano.a(lib_a-init.o)
 .debug_frame   0x0000002c      0x33c c:/ac6/systemworkbench/plugins/fr.ac6.mcu.externaltools.arm-none.win32_1.15.0.201708311556/tools/compiler/bin/../lib/gcc/arm-none-eabi/6.3.1/../../../../arm-none-eabi/lib/thumb/v7e-m/fpv4-sp/hard\librdimon_nano.a(rdimon-syscalls.o)
 .debug_frame   0x00000368      0x1b8 Drivers/STM32F4xx_HAL_Driver/Src/stm32f4xx_hal.o
 .debug_frame   0x00000520      0x15c Drivers/STM32F4xx_HAL_Driver/Src/stm32f4xx_hal_cortex.o
 .debug_frame   0x0000067c       0xec Drivers/STM32F4xx_HAL_Driver/Src/stm32f4xx_hal_pwr_ex.o
 .debug_frame   0x00000768      0x13c Drivers/STM32F4xx_HAL_Driver/Src/stm32f4xx_hal_rcc.o
 .debug_frame   0x000008a4       0x68 Src/Dma.o
 .debug_frame   0x0000090c       0x70 Src/Gpio.o
 .debug_frame   0x0000097c       0xb0 Src/Rcc.o
 .debug_frame   0x00000a2c       0xb8 Src/Timer.o
 .debug_frame   0x00000ae4       0xc8 Src/Usart.o
 .debug_frame   0x00000bac       0xc0 Src/main.o
 .debug_frame   0x00000c6c       0x28 Src/stm32f4xx_hal_msp.o
 .debug_frame   0x00000c94       0xa8 Src/stm32f4xx_it.o
 .debug_frame   0x00000d3c       0x30 Src/system_stm32f4xx.o
 .debug_frame   0x00000d6c       0x20 c:/ac6/systemworkbench/plugins/fr.ac6.mcu.externaltools.arm-none.win32_1.15.0.201708311556/tools/compiler/bin/../lib/gcc/arm-none-eabi/6.3.1/../../../../arm-none-eabi/lib/thumb/v7e-m/fpv4-sp/hard\libc_nano.a(lib_a-errno.o)
 .debug_frame   0x00000d8c      0x11c c:/ac6/systemworkbench/plugins/fr.ac6.mcu.externaltools.arm-none.win32_1.15.0.201708311556/tools/compiler/bin/../lib/gcc/arm-none-eabi/6.3.1/../../../../arm-none-eabi/lib/thumb/v7e-m/fpv4-sp/hard\libc_nano.a(lib_a-findfp.o)
 .debug_frame   0x00000ea8       0x30 c:/ac6/systemworkbench/plugins/fr.ac6.mcu.externaltools.arm-none.win32_1.15.0.201708311556/tools/compiler/bin/../lib/gcc/arm-none-eabi/6.3.1/../../../../arm-none-eabi/lib/thumb/v7e-m/fpv4-sp/hard\libc_nano.a(lib_a-malloc.o)
 .debug_frame   0x00000ed8       0x38 c:/ac6/systemworkbench/plugins/fr.ac6.mcu.externaltools.arm-none.win32_1.15.0.201708311556/tools/compiler/bin/../lib/gcc/arm-none-eabi/6.3.1/../../../../arm-none-eabi/lib/thumb/v7e-m/fpv4-sp/hard\libc_nano.a(lib_a-nano-freer.o)
 .debug_frame   0x00000f10       0x2c c:/ac6/systemworkbench/plugins/fr.ac6.mcu.externaltools.arm-none.win32_1.15.0.201708311556/tools/compiler/bin/../lib/gcc/arm-none-eabi/6.3.1/../../../../arm-none-eabi/lib/thumb/v7e-m/fpv4-sp/hard\libc_nano.a(lib_a-nano-mallocr.o)
 .debug_frame   0x00000f3c       0x2c c:/ac6/systemworkbench/plugins/fr.ac6.mcu.externaltools.arm-none.win32_1.15.0.201708311556/tools/compiler/bin/../lib/gcc/arm-none-eabi/6.3.1/../../../../arm-none-eabi/lib/thumb/v7e-m/fpv4-sp/hard\libc_nano.a(lib_a-sbrkr.o)
 .debug_frame   0x00000f68       0x4c c:/ac6/systemworkbench/plugins/fr.ac6.mcu.externaltools.arm-none.win32_1.15.0.201708311556/tools/compiler/bin/../lib/gcc/arm-none-eabi/6.3.1/../../../../arm-none-eabi/lib/thumb/v7e-m/fpv4-sp/hard\libc_nano.a(lib_a-vsnprintf.o)
 .debug_frame   0x00000fb4       0x30 c:/ac6/systemworkbench/plugins/fr.ac6.mcu.externaltools.arm-none.win32_1.15.0.201708311556/tools/compiler/bin/../lib/gcc/arm-none-eabi/6.3.1/../../../../arm-none-eabi/lib/thumb/v7e-m/fpv4-sp/hard\libc_nano.a(lib_a-mlock.o)
 .debug_frame   0x00000fe4       0x90 c:/ac6/systemworkbench/plugins/fr.ac6.mcu.externaltools.arm-none.win32_1.15.0.201708311556/tools/compiler/bin/../lib/gcc/arm-none-eabi/6.3.1/../../../../arm-none-eabi/lib/thumb/v7e-m/fpv4-sp/hard\libc_nano.a(lib_a-nano-svfprintf.o)
 .debug_frame   0x00001074       0x60 c:/ac6/systemworkbench/plugins/fr.ac6.mcu.externaltools.arm-none.win32_1.15.0.201708311556/tools/compiler/bin/../lib/gcc/arm-none-eabi/6.3.1/../../../../arm-none-eabi/lib/thumb/v7e-m/fpv4-sp/hard\libc_nano.a(lib_a-nano-vfprintf_i.o)
 .debug_frame   0x000010d4       0x5c c:/ac6/systemworkbench/plugins/fr.ac6.mcu.externaltools.arm-none.win32_1.15.0.201708311556/tools/compiler/bin/../lib/gcc/arm-none-eabi/6.3.1/../../../../arm-none-eabi/lib/thumb/v7e-m/fpv4-sp/hard\libc_nano.a(lib_a-reent.o)
 .debug_frame   0x00001130       0x28 c:/ac6/systemworkbench/plugins/fr.ac6.mcu.externaltools.arm-none.win32_1.15.0.201708311556/tools/compiler/bin/../lib/gcc/arm-none-eabi/6.3.1/../../../../arm-none-eabi/lib/thumb/v7e-m/fpv4-sp/hard\libc_nano.a(lib_a-memcpy-stub.o)
 .debug_frame   0x00001158       0x28 c:/ac6/systemworkbench/plugins/fr.ac6.mcu.externaltools.arm-none.win32_1.15.0.201708311556/tools/compiler/bin/../lib/gcc/arm-none-eabi/6.3.1/../../../../arm-none-eabi/lib/thumb/v7e-m/fpv4-sp/hard\libc_nano.a(lib_a-memmove.o)
 .debug_frame   0x00001180       0x3c c:/ac6/systemworkbench/plugins/fr.ac6.mcu.externaltools.arm-none.win32_1.15.0.201708311556/tools/compiler/bin/../lib/gcc/arm-none-eabi/6.3.1/../../../../arm-none-eabi/lib/thumb/v7e-m/fpv4-sp/hard\libc_nano.a(lib_a-nano-reallocr.o)
 .debug_frame   0x000011bc       0x20 c:/ac6/systemworkbench/plugins/fr.ac6.mcu.externaltools.arm-none.win32_1.15.0.201708311556/tools/compiler/bin/../lib/gcc/arm-none-eabi/6.3.1/../../../../arm-none-eabi/lib/thumb/v7e-m/fpv4-sp/hard\libc_nano.a(lib_a-nano-msizer.o)

.debug_info     0x00000000     0xad03
 .debug_info    0x00000000     0x126e Drivers/STM32F4xx_HAL_Driver/Src/stm32f4xx_hal.o
 .debug_info    0x0000126e     0x1790 Drivers/STM32F4xx_HAL_Driver/Src/stm32f4xx_hal_cortex.o
 .debug_info    0x000029fe     0x11a5 Drivers/STM32F4xx_HAL_Driver/Src/stm32f4xx_hal_pwr_ex.o
 .debug_info    0x00003ba3     0x151a Drivers/STM32F4xx_HAL_Driver/Src/stm32f4xx_hal_rcc.o
 .debug_info    0x000050bd      0xc0d Src/Dma.o
 .debug_info    0x00005cca      0x283 Src/Gpio.o
 .debug_info    0x00005f4d      0x32f Src/Rcc.o
 .debug_info    0x0000627c      0x3af Src/Timer.o
 .debug_info    0x0000662b      0xbc9 Src/Usart.o
 .debug_info    0x000071f4     0x16a4 Src/main.o
 .debug_info    0x00008898      0xcab Src/stm32f4xx_hal_msp.o
 .debug_info    0x00009543      0xa0a Src/stm32f4xx_it.o
 .debug_info    0x00009f4d      0xd4a Src/system_stm32f4xx.o
 .debug_info    0x0000ac97       0x6c startup/startup_stm32f429xx.o

.debug_abbrev   0x00000000     0x1e7b
 .debug_abbrev  0x00000000      0x347 Drivers/STM32F4xx_HAL_Driver/Src/stm32f4xx_hal.o
 .debug_abbrev  0x00000347      0x3d4 Drivers/STM32F4xx_HAL_Driver/Src/stm32f4xx_hal_cortex.o
 .debug_abbrev  0x0000071b      0x33c Drivers/STM32F4xx_HAL_Driver/Src/stm32f4xx_hal_pwr_ex.o
 .debug_abbrev  0x00000a57      0x370 Drivers/STM32F4xx_HAL_Driver/Src/stm32f4xx_hal_rcc.o
 .debug_abbrev  0x00000dc7      0x223 Src/Dma.o
 .debug_abbrev  0x00000fea      0x108 Src/Gpio.o
 .debug_abbrev  0x000010f2       0xe8 Src/Rcc.o
 .debug_abbrev  0x000011da       0xf6 Src/Timer.o
 .debug_abbrev  0x000012d0      0x2b7 Src/Usart.o
 .debug_abbrev  0x00001587      0x2dc Src/main.o
 .debug_abbrev  0x00001863      0x209 Src/stm32f4xx_hal_msp.o
 .debug_abbrev  0x00001a6c      0x1f8 Src/stm32f4xx_it.o
 .debug_abbrev  0x00001c64      0x205 Src/system_stm32f4xx.o
 .debug_abbrev  0x00001e69       0x12 startup/startup_stm32f429xx.o

.debug_loc      0x00000000     0x11c0
 .debug_loc     0x00000000       0xbd Drivers/STM32F4xx_HAL_Driver/Src/stm32f4xx_hal.o
 .debug_loc     0x000000bd      0x5ce Drivers/STM32F4xx_HAL_Driver/Src/stm32f4xx_hal_cortex.o
 .debug_loc     0x0000068b      0x1ef Drivers/STM32F4xx_HAL_Driver/Src/stm32f4xx_hal_pwr_ex.o
 .debug_loc     0x0000087a      0x53b Drivers/STM32F4xx_HAL_Driver/Src/stm32f4xx_hal_rcc.o
 .debug_loc     0x00000db5       0xb5 Src/Dma.o
 .debug_loc     0x00000e6a      0x171 Src/Gpio.o
 .debug_loc     0x00000fdb       0x2e Src/Rcc.o
 .debug_loc     0x00001009       0x79 Src/Usart.o
 .debug_loc     0x00001082      0x13e Src/system_stm32f4xx.o

.debug_aranges  0x00000000      0x518
 .debug_aranges
                0x00000000       0xd8 Drivers/STM32F4xx_HAL_Driver/Src/stm32f4xx_hal.o
 .debug_aranges
                0x000000d8       0xa8 Drivers/STM32F4xx_HAL_Driver/Src/stm32f4xx_hal_cortex.o
 .debug_aranges
                0x00000180       0x60 Drivers/STM32F4xx_HAL_Driver/Src/stm32f4xx_hal_pwr_ex.o
 .debug_aranges
                0x000001e0       0x88 Drivers/STM32F4xx_HAL_Driver/Src/stm32f4xx_hal_rcc.o
 .debug_aranges
                0x00000268       0x38 Src/Dma.o
 .debug_aranges
                0x000002a0       0x40 Src/Gpio.o
 .debug_aranges
                0x000002e0       0x68 Src/Rcc.o
 .debug_aranges
                0x00000348       0x58 Src/Timer.o
 .debug_aranges
                0x000003a0       0x58 Src/Usart.o
 .debug_aranges
                0x000003f8       0x50 Src/main.o
 .debug_aranges
                0x00000448       0x20 Src/stm32f4xx_hal_msp.o
 .debug_aranges
                0x00000468       0x60 Src/stm32f4xx_it.o
 .debug_aranges
                0x000004c8       0x28 Src/system_stm32f4xx.o
 .debug_aranges
                0x000004f0       0x28 startup/startup_stm32f429xx.o

.debug_ranges   0x00000000      0x4a0
 .debug_ranges  0x00000000       0xc8 Drivers/STM32F4xx_HAL_Driver/Src/stm32f4xx_hal.o
 .debug_ranges  0x000000c8       0xf8 Drivers/STM32F4xx_HAL_Driver/Src/stm32f4xx_hal_cortex.o
 .debug_ranges  0x000001c0       0x50 Drivers/STM32F4xx_HAL_Driver/Src/stm32f4xx_hal_pwr_ex.o
 .debug_ranges  0x00000210       0x78 Drivers/STM32F4xx_HAL_Driver/Src/stm32f4xx_hal_rcc.o
 .debug_ranges  0x00000288       0x28 Src/Dma.o
 .debug_ranges  0x000002b0       0x30 Src/Gpio.o
 .debug_ranges  0x000002e0       0x58 Src/Rcc.o
 .debug_ranges  0x00000338       0x48 Src/Timer.o
 .debug_ranges  0x00000380       0x48 Src/Usart.o
 .debug_ranges  0x000003c8       0x40 Src/main.o
 .debug_ranges  0x00000408       0x10 Src/stm32f4xx_hal_msp.o
 .debug_ranges  0x00000418       0x50 Src/stm32f4xx_it.o
 .debug_ranges  0x00000468       0x18 Src/system_stm32f4xx.o
 .debug_ranges  0x00000480       0x20 startup/startup_stm32f429xx.o

.debug_macro    0x00000000    0x22fb0
 .debug_macro   0x00000000      0x356 Drivers/STM32F4xx_HAL_Driver/Src/stm32f4xx_hal.o
 .debug_macro   0x00000356      0x8bc Drivers/STM32F4xx_HAL_Driver/Src/stm32f4xx_hal.o
 .debug_macro   0x00000c12       0x10 Drivers/STM32F4xx_HAL_Driver/Src/stm32f4xx_hal.o
 .debug_macro   0x00000c22      0x174 Drivers/STM32F4xx_HAL_Driver/Src/stm32f4xx_hal.o
 .debug_macro   0x00000d96       0x33 Drivers/STM32F4xx_HAL_Driver/Src/stm32f4xx_hal.o
 .debug_macro   0x00000dc9       0x28 Drivers/STM32F4xx_HAL_Driver/Src/stm32f4xx_hal.o
 .debug_macro   0x00000df1       0x22 Drivers/STM32F4xx_HAL_Driver/Src/stm32f4xx_hal.o
 .debug_macro   0x00000e13       0x87 Drivers/STM32F4xx_HAL_Driver/Src/stm32f4xx_hal.o
 .debug_macro   0x00000e9a       0x51 Drivers/STM32F4xx_HAL_Driver/Src/stm32f4xx_hal.o
 .debug_macro   0x00000eeb       0xef Drivers/STM32F4xx_HAL_Driver/Src/stm32f4xx_hal.o
 .debug_macro   0x00000fda       0x6a Drivers/STM32F4xx_HAL_Driver/Src/stm32f4xx_hal.o
 .debug_macro   0x00001044      0x1df Drivers/STM32F4xx_HAL_Driver/Src/stm32f4xx_hal.o
 .debug_macro   0x00001223       0x35 Drivers/STM32F4xx_HAL_Driver/Src/stm32f4xx_hal.o
 .debug_macro   0x00001258       0x50 Drivers/STM32F4xx_HAL_Driver/Src/stm32f4xx_hal.o
 .debug_macro   0x000012a8      0xe66 Drivers/STM32F4xx_HAL_Driver/Src/stm32f4xx_hal.o
 .debug_macro   0x0000210e    0x17f45 Drivers/STM32F4xx_HAL_Driver/Src/stm32f4xx_hal.o
 .debug_macro   0x0001a053       0x43 Drivers/STM32F4xx_HAL_Driver/Src/stm32f4xx_hal.o
 .debug_macro   0x0001a096     0x35e4 Drivers/STM32F4xx_HAL_Driver/Src/stm32f4xx_hal.o
 .debug_macro   0x0001d67a       0x58 Drivers/STM32F4xx_HAL_Driver/Src/stm32f4xx_hal.o
 .debug_macro   0x0001d6d2       0x35 Drivers/STM32F4xx_HAL_Driver/Src/stm32f4xx_hal.o
 .debug_macro   0x0001d707       0x9c Drivers/STM32F4xx_HAL_Driver/Src/stm32f4xx_hal.o
 .debug_macro   0x0001d7a3       0x16 Drivers/STM32F4xx_HAL_Driver/Src/stm32f4xx_hal.o
 .debug_macro   0x0001d7b9       0x97 Drivers/STM32F4xx_HAL_Driver/Src/stm32f4xx_hal.o
 .debug_macro   0x0001d850      0x330 Drivers/STM32F4xx_HAL_Driver/Src/stm32f4xx_hal.o
 .debug_macro   0x0001db80       0xfd Drivers/STM32F4xx_HAL_Driver/Src/stm32f4xx_hal.o
 .debug_macro   0x0001dc7d       0x10 Drivers/STM32F4xx_HAL_Driver/Src/stm32f4xx_hal.o
 .debug_macro   0x0001dc8d       0x58 Drivers/STM32F4xx_HAL_Driver/Src/stm32f4xx_hal.o
 .debug_macro   0x0001dce5       0x1f Drivers/STM32F4xx_HAL_Driver/Src/stm32f4xx_hal.o
 .debug_macro   0x0001dd04       0x43 Drivers/STM32F4xx_HAL_Driver/Src/stm32f4xx_hal.o
 .debug_macro   0x0001dd47       0x20 Drivers/STM32F4xx_HAL_Driver/Src/stm32f4xx_hal.o
 .debug_macro   0x0001dd67      0x187 Drivers/STM32F4xx_HAL_Driver/Src/stm32f4xx_hal.o
 .debug_macro   0x0001deee       0x10 Drivers/STM32F4xx_HAL_Driver/Src/stm32f4xx_hal.o
 .debug_macro   0x0001defe       0x1c Drivers/STM32F4xx_HAL_Driver/Src/stm32f4xx_hal.o
 .debug_macro   0x0001df1a       0x52 Drivers/STM32F4xx_HAL_Driver/Src/stm32f4xx_hal.o
 .debug_macro   0x0001df6c       0x40 Drivers/STM32F4xx_HAL_Driver/Src/stm32f4xx_hal.o
 .debug_macro   0x0001dfac       0x10 Drivers/STM32F4xx_HAL_Driver/Src/stm32f4xx_hal.o
 .debug_macro   0x0001dfbc       0x40 Drivers/STM32F4xx_HAL_Driver/Src/stm32f4xx_hal.o
 .debug_macro   0x0001dffc       0xd7 Drivers/STM32F4xx_HAL_Driver/Src/stm32f4xx_hal.o
 .debug_macro   0x0001e0d3       0x16 Drivers/STM32F4xx_HAL_Driver/Src/stm32f4xx_hal.o
 .debug_macro   0x0001e0e9      0x18b Drivers/STM32F4xx_HAL_Driver/Src/stm32f4xx_hal.o
 .debug_macro   0x0001e274       0x50 Drivers/STM32F4xx_HAL_Driver/Src/stm32f4xx_hal.o
 .debug_macro   0x0001e2c4      0xca5 Drivers/STM32F4xx_HAL_Driver/Src/stm32f4xx_hal.o
 .debug_macro   0x0001ef69      0x9e1 Drivers/STM32F4xx_HAL_Driver/Src/stm32f4xx_hal.o
 .debug_macro   0x0001f94a      0x11e Drivers/STM32F4xx_HAL_Driver/Src/stm32f4xx_hal.o
 .debug_macro   0x0001fa68      0x161 Drivers/STM32F4xx_HAL_Driver/Src/stm32f4xx_hal.o
 .debug_macro   0x0001fbc9       0x27 Drivers/STM32F4xx_HAL_Driver/Src/stm32f4xx_hal.o
 .debug_macro   0x0001fbf0      0x287 Drivers/STM32F4xx_HAL_Driver/Src/stm32f4xx_hal.o
 .debug_macro   0x0001fe77       0x5f Drivers/STM32F4xx_HAL_Driver/Src/stm32f4xx_hal.o
 .debug_macro   0x0001fed6      0x23a Drivers/STM32F4xx_HAL_Driver/Src/stm32f4xx_hal.o
 .debug_macro   0x00020110      0x13a Drivers/STM32F4xx_HAL_Driver/Src/stm32f4xx_hal.o
 .debug_macro   0x0002024a      0x41d Drivers/STM32F4xx_HAL_Driver/Src/stm32f4xx_hal.o
 .debug_macro   0x00020667       0x2e Drivers/STM32F4xx_HAL_Driver/Src/stm32f4xx_hal.o
 .debug_macro   0x00020695      0x11e Drivers/STM32F4xx_HAL_Driver/Src/stm32f4xx_hal.o
 .debug_macro   0x000207b3       0xe2 Drivers/STM32F4xx_HAL_Driver/Src/stm32f4xx_hal.o
 .debug_macro   0x00020895       0x89 Drivers/STM32F4xx_HAL_Driver/Src/stm32f4xx_hal.o
 .debug_macro   0x0002091e      0x12c Drivers/STM32F4xx_HAL_Driver/Src/stm32f4xx_hal.o
 .debug_macro   0x00020a4a      0x2f6 Drivers/STM32F4xx_HAL_Driver/Src/stm32f4xx_hal_cortex.o
 .debug_macro   0x00020d40      0x30e Drivers/STM32F4xx_HAL_Driver/Src/stm32f4xx_hal_pwr_ex.o
 .debug_macro   0x0002104e      0x320 Drivers/STM32F4xx_HAL_Driver/Src/stm32f4xx_hal_rcc.o
 .debug_macro   0x0002136e      0x1e8 Src/Dma.o
 .debug_macro   0x00021556       0x6a Src/Dma.o
 .debug_macro   0x000215c0      0x14e Src/Dma.o
 .debug_macro   0x0002170e       0x16 Src/Dma.o
 .debug_macro   0x00021724       0x64 Src/Dma.o
 .debug_macro   0x00021788       0x9a Src/Dma.o
 .debug_macro   0x00021822       0x72 Src/Gpio.o
 .debug_macro   0x00021894      0x148 Src/Gpio.o
 .debug_macro   0x000219dc       0x7b Src/Rcc.o
 .debug_macro   0x00021a57       0x93 Src/Timer.o
 .debug_macro   0x00021aea       0x64 Src/Timer.o
 .debug_macro   0x00021b4e      0x14e Src/Timer.o
 .debug_macro   0x00021c9c      0x308 Src/Usart.o
 .debug_macro   0x00021fa4       0x94 Src/Usart.o
 .debug_macro   0x00022038       0x3b Src/Usart.o
 .debug_macro   0x00022073       0x4c Src/Usart.o
 .debug_macro   0x000220bf      0x3b9 Src/main.o
 .debug_macro   0x00022478      0x148 Src/main.o
 .debug_macro   0x000225c0       0x34 Src/main.o
 .debug_macro   0x000225f4       0x28 Src/main.o
 .debug_macro   0x0002261c       0x2e Src/main.o
 .debug_macro   0x0002264a       0x1c Src/main.o
 .debug_macro   0x00022666       0x58 Src/main.o
 .debug_macro   0x000226be      0x2f6 Src/stm32f4xx_hal_msp.o
 .debug_macro   0x000229b4      0x300 Src/stm32f4xx_it.o
 .debug_macro   0x00022cb4      0x2fc Src/system_stm32f4xx.o

.debug_line     0x00000000     0x5b85
 .debug_line    0x00000000      0x91b Drivers/STM32F4xx_HAL_Driver/Src/stm32f4xx_hal.o
 .debug_line    0x0000091b      0x958 Drivers/STM32F4xx_HAL_Driver/Src/stm32f4xx_hal_cortex.o
 .debug_line    0x00001273      0x88c Drivers/STM32F4xx_HAL_Driver/Src/stm32f4xx_hal_pwr_ex.o
 .debug_line    0x00001aff      0xa51 Drivers/STM32F4xx_HAL_Driver/Src/stm32f4xx_hal_rcc.o
 .debug_line    0x00002550      0x487 Src/Dma.o
 .debug_line    0x000029d7      0x317 Src/Gpio.o
 .debug_line    0x00002cee      0x396 Src/Rcc.o
 .debug_line    0x00003084      0x39a Src/Timer.o
 .debug_line    0x0000341e      0x7ef Src/Usart.o
 .debug_line    0x00003c0d      0x883 Src/main.o
 .debug_line    0x00004490      0x741 Src/stm32f4xx_hal_msp.o
 .debug_line    0x00004bd1      0x7c9 Src/stm32f4xx_it.o
 .debug_line    0x0000539a      0x76c Src/system_stm32f4xx.o
 .debug_line    0x00005b06       0x7f startup/startup_stm32f429xx.o

.debug_str      0x00000000    0xc9f73
 .debug_str     0x00000000    0xc7a7e Drivers/STM32F4xx_HAL_Driver/Src/stm32f4xx_hal.o
                              0xc7e49 (size before relaxing)
 .debug_str     0x000c7a7e      0x3b3 Drivers/STM32F4xx_HAL_Driver/Src/stm32f4xx_hal_cortex.o
                              0xc7bc1 (size before relaxing)
 .debug_str     0x000c7e31      0x154 Drivers/STM32F4xx_HAL_Driver/Src/stm32f4xx_hal_pwr_ex.o
                              0xc74d3 (size before relaxing)
 .debug_str     0x000c7f85      0x3df Drivers/STM32F4xx_HAL_Driver/Src/stm32f4xx_hal_rcc.o
                              0xc76d4 (size before relaxing)
 .debug_str     0x000c8364      0xa75 Src/Dma.o
                               0x7fcc (size before relaxing)
 .debug_str     0x000c8dd9      0x51b Src/Gpio.o
                               0x39bc (size before relaxing)
 .debug_str     0x000c92f4       0xd8 Src/Rcc.o
                               0x37da (size before relaxing)
 .debug_str     0x000c93cc       0xb7 Src/Timer.o
                               0x3d6a (size before relaxing)
 .debug_str     0x000c9483      0x17c Src/Usart.o
                              0xc74e4 (size before relaxing)
 .debug_str     0x000c95ff      0x857 Src/main.o
                              0xc90e7 (size before relaxing)
 .debug_str     0x000c9e56       0x1b Src/stm32f4xx_hal_msp.o
                              0xc769c (size before relaxing)
 .debug_str     0x000c9e71       0xa8 Src/stm32f4xx_it.o
                              0xc71cc (size before relaxing)
 .debug_str     0x000c9f19       0x5a Src/system_stm32f4xx.o
                              0xc72bf (size before relaxing)

.comment        0x00000000       0x7f
 .comment       0x00000000       0x7f Drivers/STM32F4xx_HAL_Driver/Src/stm32f4xx_hal.o
                                 0x80 (size before relaxing)
 .comment       0x0000007f       0x80 Drivers/STM32F4xx_HAL_Driver/Src/stm32f4xx_hal_cortex.o
 .comment       0x0000007f       0x80 Drivers/STM32F4xx_HAL_Driver/Src/stm32f4xx_hal_pwr_ex.o
 .comment       0x0000007f       0x80 Drivers/STM32F4xx_HAL_Driver/Src/stm32f4xx_hal_rcc.o
 .comment       0x0000007f       0x80 Src/Dma.o
 .comment       0x0000007f       0x80 Src/Gpio.o
 .comment       0x0000007f       0x80 Src/Rcc.o
 .comment       0x0000007f       0x80 Src/Timer.o
 .comment       0x0000007f       0x80 Src/Usart.o
 .comment       0x0000007f       0x80 Src/main.o
 .comment       0x0000007f       0x80 Src/stm32f4xx_hal_msp.o
 .comment       0x0000007f       0x80 Src/stm32f4xx_it.o
 .comment       0x0000007f       0x80 Src/system_stm32f4xx.o
